

*** New tournament ***
(00:04)              G3a 6 :: 2 G3a              (00:03),   541
(00:02)              G3a 6 :: 1 G3a              (00:05),   535

             G3a (# 1): won  50: 50%= 1: 1: 0,   7::  8, (00:09)=0.017*268
             G3a (# 2): won  50: 50%= 1: 1: 0,   8::  7, (00:05)=0.009*268

             G3a (# 1): E     79a(    79f),79.5R = 58^1.078  D 1.00(3.12q)  B 54.0( 2.2q)  H  5%  
             G3a (# 2): E     95a(    95f),94.8R = 58^1.121  D 1.00(3.09q)  B 56.0( 2.3q)  H  5%  


*** New tournament ***
Tournament cancelled

             G3a (# 1): won   0:  0%= 0: 0: 2,   0::  0, (00:00)=-1.#IO*0
           G3a2p (# 2): won   0:  0%= 0: 0: 2,   0::  0, (00:00)=-1.#IO*0

             G3a (# 1): E     60a(    60f),59.6R = 58^1.007  D 1.00(1.57q)  B 56.8( 3.4q)  H  0%  
           G3a2p (# 2): E    307a(   248f),17.5R = 58^0.705  D 2.00(2.71q)  B  5.7( 2.9q)  H  1%  


*** New tournament ***
(00:03)           Emil1p 6 :: 5 Emil1p           (00:04),  1965
(00:03)           Emil1p 4 :: 6 Emil1p           (00:00),   900

          Emil1p (# 1): won 100:  0%= 2: 0: 0,  12::  9, (00:03)=0.002*716
          Emil1p (# 2): won   0:100%= 0: 2: 0,   9:: 12, (00:07)=0.005*716

          Emil1p (# 1): E     48a(    48f),48.0R = 58^0.954  D 1.00(1.37q)  B 48.5( 4.5q)  H  2%  
          Emil1p (# 2): E     49a(    49f),49.0R = 58^0.959  D 1.00(1.33q)  B 52.0( 4.1q)  H  1%  


*** New tournament ***
(00:03)              G3a 3 :: 6 G3a2p            (00:03),   274
(00:06)            G3a2p 6 :: 4 G3a              (00:01),   357

             G3a (# 1): won   0:100%= 0: 2: 0,   7:: 12, (00:04)=0.013*157
           G3a2p (# 2): won 100:  0%= 2: 0: 0,  12::  7, (00:09)=0.029*157

             G3a (# 1): E     54a(    54f),53.7R = 58^0.981  D 1.00(1.79q)  B 50.3( 3.0q)  H  1%  
           G3a2p (# 2): E    259a(   202f),16.1R = 58^0.684  D 2.00(2.87q)  B  5.9( 2.8q)  H  5%  
