

**************************************

Killer::normalize 

Killer::normalize end 

Killer::normalize 
Ply 1: 11713,1  

Killer::normalize end 
Ply 1: 11713,8  

Killer::normalize 
Ply 1: 11713,9  
Ply 2: 4861,34  

Killer::normalize end 
Ply 1: 11713,8  
Ply 2: 4861,8  

Killer::normalize 
Ply 1: 11713,9  
Ply 2: 4861,42  
Ply 3: 9285,1  9349,2  9413,56  11585,1  11649,2  11713,13  

Killer::normalize end 
Ply 3: 9285,4  9349,6  9413,8  11585,3  11649,5  11713,7  

Killer::normalize 
Ply 3: 9285,4  9349,6  9413,9  11585,3  11649,5  11713,7  

Killer::normalize end 
Ply 3: 9285,4  9349,6  9413,8  11585,3  11649,5  11713,7  

Killer::normalize 
Ply 3: 9285,4  9349,6  9413,9  11585,3  11649,5  11713,7  
Ply 4: 2548,42  

Killer::normalize end 
Ply 3: 9285,4  9349,6  9413,8  11585,3  11649,5  11713,7  
Ply 4: 2548,8  

Killer::normalize 
Ply 3: 9285,4  9349,6  9413,9  11585,3  11649,5  11713,7  
Ply 4: 2548,50  
Ply 5: 70,1  134,2  198,1  9285,2  9347,1  9349,4  9412,2  9413,22  11590,51  11650,4  11714,1  

Killer::normalize end 
Ply 5: 70,1  134,4  9285,3  9349,6  9412,2  9413,7  11590,8  11650,5  

Killer::normalize 
Ply 5: 70,1  134,4  9285,3  9349,6  9412,2  9413,7  11590,8  11650,5  11719,1  

Killer::normalize end 
Ply 5: 70,1  134,4  9285,3  9349,6  9412,2  9413,7  11590,8  11650,5  

Killer::normalize 
Ply 5: 70,1  134,4  9285,3  9349,6  9412,2  9413,7  11590,8  11650,5  11719,1  
Ply 6: 2548,46  4728,4  

Killer::normalize end 
Ply 5: 70,1  134,4  9285,3  9349,6  9412,2  9413,7  11590,8  11650,5  
Ply 6: 2548,8  4728,7  

Killer::normalize 
Ply 5: 70,1  134,4  9285,3  9349,6  9412,2  9413,7  11590,8  11650,5  11719,1  
Ply 6: 2548,54  4728,11  
Ply 7: 70,5  76,1  134,2  198,2  6987,1  6994,1  9285,1  9291,153  9347,3  9349,1  9355,3  9412,4  9413,1  11585,1  11590,6  11649,1  11650,4  11651,2  11654,4  11713,1  11714,3  

Killer::normalize end 
Ply 7: 70,6  9291,8  9355,1  9412,3  11590,7  11650,4  11654,5  11714,2  

Killer::normalize 
Ply 7: 70,7  9291,8  9355,1  9412,3  11590,7  11650,4  11654,5  11714,2  

Killer::normalize end 
Ply 7: 70,7  9291,8  9355,1  9412,3  11590,6  11650,4  11654,5  11714,2  

Killer::normalize 
Ply 7: 70,8  9291,8  9355,1  9412,3  11590,6  11650,4  11654,5  11714,2  
Ply 8: 2555,49  

Killer::normalize end 
Ply 7: 70,8  9291,7  9355,1  9412,3  11590,6  11650,4  11654,5  11714,2  
Ply 8: 2555,8  

Killer::normalize 
Ply 7: 70,9  9291,7  9355,1  9412,3  11590,6  11650,4  11654,5  11714,2  
Ply 8: 2555,57  
Ply 9: 70,15  134,1  198,1  6987,1  7051,2  7115,2  9291,53  9347,1  9349,1  9355,2  9412,4  9418,3  11585,2  11650,4  11654,2  11714,4  

Killer::normalize end 
Ply 9: 70,7  7051,2  7115,1  9291,8  9412,6  9418,3  11650,5  11714,4  

Killer::normalize 
Ply 9: 70,7  7051,2  7115,1  9291,9  9412,6  9418,3  11650,5  11714,4  

Killer::normalize end 
Ply 9: 70,7  7051,2  7115,1  9291,8  9412,6  9418,3  11650,5  11714,4  

Killer::normalize 
Ply 9: 70,7  7051,2  7115,1  9291,9  9412,6  9418,3  11650,5  11714,4  
Ply 10: 2555,46  

Killer::normalize end 
Ply 9: 70,7  7051,2  7115,1  9291,8  9412,6  9418,3  11650,5  11714,4  
Ply 10: 2555,8  

Killer::normalize 
Ply 9: 70,7  7051,2  7115,1  9291,8  9412,6  9418,3  11650,5  11652,1  11714,4  
Ply 10: 2555,54  
Ply 11: 65,1  70,1  129,1  134,1  198,1  6994,1  7051,2  7115,2  9285,1  9291,3  9346,2  9347,2  9349,1  9355,4  9411,1  9412,3  9413,1  11585,1  11649,1  11650,4  11651,3  11713,1  11714,3  11715,103  11719,2  

Killer::normalize end 
Ply 11: 9291,3  9355,6  9412,2  11650,7  11651,4  11714,5  11715,8  11719,1  

Killer::normalize 
Ply 11: 9291,3  9355,7  9412,2  11650,7  11651,4  11714,5  11715,8  11719,1  

Killer::normalize end 
Ply 11: 9291,3  9355,7  9412,2  11650,6  11651,4  11714,5  11715,8  11719,1  

Killer::normalize 
Ply 11: 9291,3  9355,8  9412,2  11650,6  11651,4  11714,5  11715,8  11719,1  
Ply 12: 4711,3  4785,47  

Killer::normalize end 
Ply 11: 9291,3  9355,8  9412,2  11650,6  11651,4  11714,5  11715,7  11719,1  
Ply 12: 4711,7  4785,8  

Killer::normalize 
Ply 11: 9291,3  9355,9  9412,2  11650,6  11651,4  11714,5  11715,7  11719,1  
Ply 12: 4711,8  4785,55  4794,2  
Ply 13: 70,1  134,1  198,1  6994,1  7051,3  7058,1  7115,7  7122,1  9285,1  9291,3  9347,2  9349,1  9355,43  9411,52  9412,1  9413,1  11585,1  11649,1  11650,5  11651,2  11655,3  11713,1  11714,2  11715,3  11719,2  11720,1  

Killer::normalize end 
Ply 13: 7051,3  7115,6  9291,1  9355,7  9411,8  11650,5  11655,2  11715,4  

Killer::normalize 
Ply 13: 7051,3  7115,6  9291,1  9355,7  9411,9  11650,5  11655,2  11715,4  

Killer::normalize end 
Ply 13: 7051,3  7115,6  9291,1  9355,7  9411,8  11650,5  11655,2  11715,4  

Killer::normalize 
Ply 13: 7051,3  7115,6  9291,1  9355,7  9411,9  11650,5  11655,2  11715,4  
Ply 14: 2492,49  4859,1  

Killer::normalize end 
Ply 13: 7051,3  7115,6  9291,1  9355,7  9411,8  11650,5  11655,2  11715,4  
Ply 14: 2492,8  4859,7  

Killer::normalize 
Ply 13: 7051,3  7115,6  9291,1  9355,7  9411,8  11650,5  11655,2  11715,4  11720,1  
Ply 14: 2492,57  4859,8  
Ply 15: 70,1  129,1  134,1  198,1  6987,1  6994,1  7051,1  7058,1  7115,1  7122,1  7129,1  9284,1  9285,1  9291,1  9346,89  9347,2  9349,1  9355,1  9411,7  9412,1  9413,1  11585,1  11586,5  11587,1  11588,1  11649,1  11650,3  11651,2  11652,1  11655,2  11713,1  11714,2  11715,3  11719,1  11720,1  
Ply 16: 2536,9  

Killer::normalize end 
Ply 15: 9346,8  9347,1  9411,7  11586,6  11650,4  11655,2  11714,3  11715,5  
Ply 16: 2536,8  

Killer::normalize 
Ply 15: 9346,8  9347,1  9411,7  11586,7  11650,4  11655,2  11714,3  11715,5  
Ply 16: 2536,8  

Killer::normalize end 
Ply 15: 9346,8  9347,1  9411,7  11586,6  11650,4  11655,2  11714,3  11715,5  
Ply 16: 2536,8  

Killer::normalize 
Ply 15: 9346,8  9347,1  9411,7  11586,7  11650,4  11655,2  11714,3  11715,5  
Ply 16: 2536,8  2555,60  

Killer::normalize end 
Ply 15: 9346,8  9347,1  9411,7  11586,6  11650,4  11655,2  11714,3  11715,5  
Ply 16: 2536,7  2555,8  

Killer::normalize 
Ply 15: 9346,8  9347,1  9411,7  11586,7  11650,4  11655,2  11714,3  11715,5  
Ply 16: 2536,7  2555,68  
Ply 17: 141,1  7058,1  7065,1  7115,3  7122,1  9283,67  9285,1  9346,1  9347,1  9348,1  9349,1  9354,2  9361,1  9411,50  9412,1  9413,1  11586,6  11587,1  11649,1  11650,1  11651,2  11655,2  11713,1  11714,1  11715,3  11719,2  

Killer::normalize end 
Ply 17: 7115,4  9283,8  9411,7  11586,6  11651,1  11655,2  11715,5  11719,3  

Killer::normalize 
Ply 17: 7115,4  9283,8  9411,8  11586,6  11651,1  11655,2  11715,5  11719,3  

Killer::normalize end 
Ply 17: 7115,4  9283,8  9411,7  11586,6  11651,1  11655,2  11715,5  11719,3  

Killer::normalize 
Ply 17: 7115,4  9283,8  9411,8  11586,6  11651,1  11655,2  11715,5  11719,3  
Ply 18: 4794,56  

Killer::normalize end 
Ply 17: 7115,4  9283,8  9411,7  11586,6  11651,1  11655,2  11715,5  11719,3  
Ply 18: 4794,8  

Killer::normalize 
Ply 17: 7115,4  9283,8  9411,8  11586,6  11651,1  11655,2  11715,5  11719,3  
Ply 18: 4794,64  
Ply 19: 70,1  134,1  141,1  198,1  4777,1  4841,1  6987,1  6994,1  7058,1  7065,1  7122,1  9283,3  9285,1  9291,1  9346,1  9347,2  9348,1  9349,1  9354,1  9361,1  9411,8  9412,1  9413,1  9417,46  9419,1  11585,1  11587,3  11588,1  11649,1  11650,1  11651,2  11655,3  11713,1  11714,1  11715,4  11716,1  11719,2  

Killer::normalize end 
Ply 19: 9283,5  9347,2  9411,7  9417,8  11587,3  11651,1  11655,4  11715,6  

Killer::normalize 
Ply 19: 9283,5  9347,2  9411,7  9417,9  11587,3  11651,1  11655,4  11715,6  

Killer::normalize end 
Ply 19: 9283,5  9347,2  9411,7  9417,8  11587,3  11651,1  11655,4  11715,6  

Killer::normalize 
Ply 19: 9283,5  9347,2  9411,7  9417,9  11587,3  11651,1  11655,4  11715,6  
Ply 20: 2477,2  2492,1  4854,59  

Killer::normalize end 
Ply 19: 9283,5  9347,2  9411,7  9417,8  11587,3  11651,1  11655,4  11715,6  
Ply 20: 2477,7  2492,6  4854,8  

Killer::normalize 
Ply 19: 9283,5  9347,2  9411,7  9417,9  11587,3  11651,1  11655,4  11715,6  
Ply 20: 2477,9  2492,13  4854,61  
Ply 21: 71,1  84,1  134,1  135,46  141,2  148,1  198,1  212,1  2397,1  4777,2  4841,2  6987,1  6994,1  7001,1  7051,1  7058,1  7065,1  7072,6  7115,1  7122,1  7137,5  9282,1  9283,1  9284,1  9285,1  9290,1  9291,1  9347,1  9348,1  9349,1  9352,1  9355,1  9361,2  9411,1  9412,1  9413,1  9417,1  9419,1  11585,1  11586,1  11587,1  11588,1  11590,1  11591,2  11649,1  11650,1  11651,1  11652,1  11655,2  11661,1  11713,1  11714,1  11715,1  11719,3  

Killer::normalize end 
Ply 21: 135,8  4777,2  4841,3  7072,7  7137,6  11591,4  11655,1  11719,5  

Killer::normalize 
Ply 21: 135,9  4777,2  4841,3  7072,7  7137,6  11591,4  11655,1  11719,5  

Killer::normalize end 
Ply 21: 135,8  4777,2  4841,3  7072,7  7137,6  11591,4  11655,1  11719,5  

Killer::normalize 
Ply 21: 135,9  4777,2  4841,3  7072,7  7137,6  11591,4  11655,1  11719,5  
Ply 22: 4794,4  4854,57  

Killer::normalize end 
Ply 21: 135,8  4777,2  4841,3  7072,7  7137,6  11591,4  11655,1  11719,5  
Ply 22: 4794,7  4854,8  

Killer::normalize 
Ply 21: 135,9  4777,2  4841,3  7072,7  7137,6  11591,4  11655,1  11719,5  
Ply 22: 4794,65  4854,11  
Ply 23: 71,1  84,1  93,1  148,1  199,1  212,1  4841,1  6987,1  6994,1  7001,1  7051,1  7057,3  7058,1  7122,1  7137,1  9282,1  9284,2  9285,1  9290,3  9297,2  9305,2  9346,1  9347,1  9349,1  9351,1  9352,2  9354,2  9355,1  9411,1  9413,1  9416,43  9417,2  9419,1  9423,1  11585,1  11587,1  11590,2  11591,2  11649,1  11650,1  11655,3  11661,1  11713,1  11714,1  11719,2  11720,2  

Killer::normalize end 
Ply 23: 7057,5  9290,7  9297,1  9305,2  9352,4  9354,3  9416,8  11655,6  

Killer::normalize 
Ply 23: 7057,5  9290,7  9297,1  9305,2  9352,4  9354,3  9416,9  11655,6  

Killer::normalize end 
Ply 23: 7057,5  9290,7  9297,1  9305,2  9352,4  9354,3  9416,8  11655,6  

Killer::normalize 
Ply 23: 7057,5  9290,7  9297,1  9305,2  9352,4  9354,3  9416,9  11655,6  
Ply 24: 2413,9  4854,53  

Killer::normalize end 
Ply 23: 7057,5  9290,7  9297,1  9305,2  9352,4  9354,3  9416,8  11655,6  
Ply 24: 2413,7  4854,8  

Killer::normalize 
Ply 23: 7057,5  9290,7  9297,1  9305,2  9352,4  9354,3  9416,9  11655,6  
Ply 24: 2413,62  2492,3  4854,10  4859,2  
Ply 25: 71,1  77,1  84,1  93,1  135,1  141,3  148,1  199,1  205,1  212,1  2406,1  4777,3  4841,5  6987,1  6994,1  7001,1  7051,1  7058,1  7065,1  7072,1  7115,1  7122,1  7129,1  7137,2  9283,1  9284,1  9285,1  9288,1  9290,1  9291,1  9297,1  9305,1  9347,1  9348,1  9349,1  9352,1  9353,1  9355,1  9411,1  9412,1  9413,1  9416,3  9417,2  9418,2  9419,1  9423,1  11586,1  11587,1  11588,1  11591,1  11592,2  11597,1  11650,1  11651,1  11652,1  11655,1  11661,1  11714,1  11715,1  11719,1  11720,2  11721,73  

Killer::normalize end 
Ply 25: 141,6  4777,4  4841,7  9416,5  9417,1  9418,2  11720,3  11721,8  

Killer::normalize 
Ply 25: 141,6  4777,4  4841,7  9416,5  9417,1  9418,2  11720,3  11721,9  

Killer::normalize end 
Ply 25: 141,6  4777,4  4841,7  9416,5  9417,1  9418,2  11720,3  11721,8  

Killer::normalize 
Ply 25: 141,6  4777,4  4841,7  9416,5  9417,1  9418,2  11720,3  11721,9  
Ply 26: 4724,2  4794,2  4854,55  4855,1  

Killer::normalize end 
Ply 25: 141,6  4777,4  4841,7  9416,5  9417,1  9418,2  11720,3  11721,8  
Ply 26: 4724,7  4794,6  4854,8  4855,5  

Killer::normalize 
Ply 25: 141,6  4777,4  4841,7  9416,5  9417,1  9418,2  11658,1  11720,3  11721,8  
Ply 26: 4724,7  4794,22  4854,52  4855,5  
Ply 27: 74,2  77,1  84,1  141,4  156,1  205,1  2469,1  4777,1  6986,1  6987,2  7051,1  7058,1  7065,1  7122,1  7129,1  9284,1  9305,1  9348,1  9349,1  9352,1  9353,2  9412,1  9413,1  9416,1  9417,32  9418,2  11587,1  11588,41  11597,1  11604,1  11651,1  11655,1  11656,1  11658,39  11661,1  11715,1  11719,1  11721,82  
Ply 28: 7151,2  

Killer::normalize end 
Ply 27: 141,4  6987,1  9353,2  9417,5  9418,3  11588,7  11658,6  11721,8  
Ply 28: 7151,8  

Killer::normalize 
Ply 27: 141,4  6987,1  9353,2  9417,5  9418,3  11588,7  11658,6  11721,9  
Ply 28: 7151,8  

Killer::normalize end 
Ply 27: 141,4  6987,1  9353,2  9417,5  9418,3  11588,7  11658,6  11721,8  
Ply 28: 7151,8  

Killer::normalize 
Ply 27: 141,4  6987,1  9353,2  9417,5  9418,3  11588,7  11658,6  11721,9  
Ply 28: 4854,59  7080,3  7151,8  
Ply 29: 9429,1  
Ply 30: 7086,2  
Ply 31: 9373,1  

Killer::normalize end 
Ply 27: 141,4  6987,1  9353,2  9417,5  9418,3  11588,7  11658,6  11721,8  
Ply 28: 4854,8  7080,6  7151,7  
Ply 29: 9429,8  
Ply 30: 7086,8  
Ply 31: 9373,8  

Killer::normalize 
Ply 27: 141,4  6987,1  9353,2  9417,5  9418,3  11588,7  11658,6  11721,9  
Ply 28: 2413,2  2550,1  4854,60  7080,6  7145,7  7151,7  
Ply 29: 77,9  84,2  141,6  205,4  2382,52  6985,1  7058,1  7065,4  7066,1  7072,1  7073,1  7122,1  7130,1  9291,1  9305,3  9348,1  9352,1  9353,3  9355,1  9359,1  9362,1  9412,1  9417,45  9418,1  9419,1  9423,10  9429,8  11587,1  11588,1  11597,2  11651,1  11657,1  11662,1  11715,1  11719,1  11721,6  11727,2  
Ply 30: 2544,55  7086,15  
Ply 31: 9373,10  

Killer::normalize end 
Ply 29: 77,5  141,3  205,1  2382,8  9417,7  9423,6  9429,4  11721,2  
Ply 30: 2544,8  7086,7  
Ply 31: 9373,8  

Killer::normalize 
Ply 29: 77,5  141,3  205,1  2382,8  9417,7  9423,7  9429,4  11721,2  
Ply 30: 2544,8  7086,7  
Ply 31: 9373,8  

Killer::normalize end 
Ply 29: 77,5  141,3  205,1  2382,8  9417,7  9423,6  9429,4  11721,2  
Ply 30: 2544,8  7086,7  
Ply 31: 9373,8  

Killer::normalize 
Ply 29: 77,5  141,3  205,1  2382,8  9417,7  9423,7  9429,4  11721,2  
Ply 30: 2544,8  2550,8  4854,49  4855,1  7086,7  
Ply 31: 9373,8  9430,3  

Killer::normalize end 
Ply 29: 77,5  141,3  205,1  2382,8  9417,7  9423,6  9429,4  11721,2  
Ply 30: 2544,7  2550,6  4854,8  4855,4  7086,5  
Ply 31: 9373,8  9430,7  

