

*** Training session ***
Script file: E:\Eigene Dateien\Malin\Training07.as
Pupil player <Omar.ap>, learned games: 3
Contests 1000000,  Backups 50,  nEjectWon 6,  fRandomize 0.6,  nEnemies 1
Enemy 0: Random.ap, 0.1
Training cancelled, learned games: 4, not finished: 1


*** New tournament ***
(01:04)             Ulli 0 :: 6 Ulli0000499      (01:16),  1656
(01:22)             Ulli 1 :: 5 Ulli0000999      (00:56),  2000
(01:16)             Ulli 5 :: 6 Ulli0001499      (01:26),  1996
(00:34)             Ulli 6 :: 2 Ulli0001999      (00:11),   223
(00:03)             Ulli 1 :: 6 Fredi            (00:08),   114
(01:38)      Ulli0000499 4 :: 2 Ulli             (01:19),  2000
(00:07)      Ulli0000499 1 :: 6 Ulli0000999      (00:05),   132
(00:22)      Ulli0000499 5 :: 6 Ulli0001499      (00:18),   716
(00:05)      Ulli0000499 5 :: 6 Ulli0001999      (00:08),   206
(00:12)      Ulli0000499 1 :: 6 Fredi            (00:32),   434
(00:03)      Ulli0000999 6 :: 0 Ulli             (00:03),    93
(01:30)      Ulli0000999 6 :: 1 Ulli0000499      (00:58),  1353
(00:04)      Ulli0000999 0 :: 6 Ulli0001499      (00:07),   102
(00:40)      Ulli0000999 3 :: 6 Ulli0001999      (00:47),   734
(00:28)      Ulli0000999 0 :: 6 Fredi            (00:46),   900
(00:26)      Ulli0001499 6 :: 0 Ulli             (00:38),   489
(00:14)      Ulli0001499 6 :: 3 Ulli0000499      (00:19),   377
Tournament cancelled

            Ulli (#1): won  1, kicked 15, lost 41, time 06:19, plies 4284
     Ulli0000499 (#2): won  1, kicked 26, lost 38, time 04:57, plies 3436
     Ulli0000999 (#3): won  3, kicked 26, lost 21, time 03:46, plies 2656
     Ulli0001499 (#4): won  5, kicked 30, lost 13, time 02:31, plies 1839
     Ulli0001999 (#5): won  2, kicked 14, lost 14, time 01:06, plies 581
           Fredi (#6): won  3, kicked 18, lost  2, time 01:26, plies 724


*** New tournament ***
(00:21)           David1 1 :: 6 David2           (01:53),    78
Tournament cancelled

          David1 (#1): won  0, kicked  1, lost  6, time 00:21, plies 39
          David2 (#2): won  1, kicked  6, lost  1, time 01:53, plies 39
          David3 (#3): won  0, kicked  0, lost  0, time 00:00, plies 0
          David1 (#4): won  0, kicked  0, lost  0, time 00:00, plies 0
          David1 (#5): won  0, kicked  0, lost  0, time 00:00, plies 0
          David1 (#6): won  0, kicked  0, lost  0, time 00:00, plies 0
          David1 (#7): won  0, kicked  0, lost  0, time 00:00, plies 0
          David1 (#8): won  0, kicked  0, lost  0, time 00:00, plies 0
          David1 (#9): won  0, kicked  0, lost  0, time 00:00, plies 0
          David1 (#10): won  0, kicked  0, lost  0, time 00:00, plies 0
          David1 (#11): won  0, kicked  0, lost  0, time 00:00, plies 0
          David1 (#12): won  0, kicked  0, lost  0, time 00:00, plies 0


*** New tournament ***
Tournament cancelled

          David1 (#1): won  0, kicked  0, lost  0, time 00:00, plies 0
          David2 (#2): won  0, kicked  0, lost  0, time 00:00, plies 0
          David1 (#3): won  0, kicked  0, lost  0, time 00:00, plies 0


*** New tournament ***
(00:15)           David1 4 :: 6 David1           (00:10),   682
Tournament cancelled

          David1 (#1): won  0, kicked  4, lost  6, time 00:15, plies 341
          David1 (#2): won  1, kicked  6, lost  4, time 00:10, plies 341
          David2 (#3): won  0, kicked  0, lost  0, time 00:00, plies 0
          David2 (#4): won  0, kicked  0, lost  0, time 00:00, plies 0
          David1 (#5): won  0, kicked  0, lost  0, time 00:00, plies 0


*** New tournament ***
(00:05)           David1 3 :: 6 David2           (00:27),   242
(00:09)           David2 6 :: 2 David1           (00:01),    69

          David1 (#1): won  0, kicked  5, lost 12, time 00:06, plies 155
          David2 (#2): won  2, kicked 12, lost  5, time 00:36, plies 155


*** New tournament ***
Tournament cancelled

          David1 (#1): won  0, kicked  0, lost  0, time 00:00, plies 0
          David2 (#2): won  0, kicked  0, lost  0, time 00:00, plies 0
          David1 (#3): won  0, kicked  0, lost  0, time 00:00, plies 0
          David2 (#4): won  0, kicked  0, lost  0, time 00:00, plies 0
          David1 (#5): won  0, kicked  0, lost  0, time 00:00, plies 0
          David2 (#6): won  0, kicked  0, lost  0, time 00:00, plies 0
          David1 (#7): won  0, kicked  0, lost  0, time 00:00, plies 0
          David2 (#8): won  0, kicked  0, lost  0, time 00:00, plies 0
          David1 (#9): won  0, kicked  0, lost  0, time 00:00, plies 0
          David2 (#10): won  0, kicked  0, lost  0, time 00:00, plies 0
          David1 (#11): won  0, kicked  0, lost  0, time 00:00, plies 0


*** New tournament ***
(00:01)           David1 2 :: 6 David2           (00:26),   134
Tournament cancelled

          David1 (#1): won  0, kicked  2, lost  6, time 00:01, plies 67
          David2 (#2): won  1, kicked  6, lost  2, time 00:26, plies 67
          David1 (#3): won  0, kicked  0, lost  0, time 00:00, plies 0
          David2 (#4): won  0, kicked  0, lost  0, time 00:00, plies 0
          David1 (#5): won  0, kicked  0, lost  0, time 00:00, plies 0
          David2 (#6): won  0, kicked  0, lost  0, time 00:00, plies 0
          David1 (#7): won  0, kicked  0, lost  0, time 00:00, plies 0
          David2 (#8): won  0, kicked  0, lost  0, time 00:00, plies 0
          David1 (#9): won  0, kicked  0, lost  0, time 00:00, plies 0


*** New tournament ***
(01:27)              G3a 6 :: 2 G3a              (01:14),  1437
Tournament cancelled

             G3a (# 1): won  50:  0%= 1: 0: 1,   6::  2, (01:27)=0.121*359
             G3a (# 2): won   0: 50%= 0: 1: 1,   2::  6, (01:14)=0.103*359

             G3a (# 1): E     92a(    92f),92.2R = 58^1.114  D 1.00(3.14q)  B 55.2( 2.5q)  H  7%  
             G3a (# 2): E     87a(    87f),87.5R = 58^1.101  D 1.00(3.30q)  B 52.6( 2.3q)  H  7%  


*** New tournament ***
(00:54)           Emil1p 3 :: 5 Emil1p           (01:04),  2000
(00:44)           Emil1p 5 :: 6 Emil1p           (00:41),  1682

          Emil1p (# 1): won  50:  0%= 1: 0: 1,   9:: 10, (01:35)=0.052*920
          Emil1p (# 2): won   0: 50%= 0: 1: 1,  10::  9, (01:48)=0.059*920

          Emil1p (# 1): E     48a(    48f),48.0R = 58^0.954  D 1.00(1.24q)  B 49.5( 5.5q)  H  2%  
          Emil1p (# 2): E     53a(    53f),53.4R = 58^0.979  D 1.00(1.35q)  B 54.7( 4.1q)  H  1%  


*** New tournament ***
(00:15)           Emil1p 3 :: 6 Emil1p           (00:09),   648
(00:08)           Emil1p 6 :: 4 Emil1p           (00:15),   541

          Emil1p (# 1): won   0:100%= 0: 2: 0,   7:: 12, (00:30)=0.051*297
          Emil1p (# 2): won 100:  0%= 2: 0: 0,  12::  7, (00:17)=0.029*297

          Emil1p (# 1): E     58a(    58f),57.6R = 58^0.998  D 1.00(1.64q)  B 55.7( 3.3q)  H  0%  
          Emil1p (# 2): E     51a(    51f),50.5R = 58^0.966  D 1.00(1.63q)  B 48.5( 3.5q)  H  1%  


*** New tournament ***
(00:06)           Emil1p 0 :: 6 Emil2p           (00:15),   116
(00:15)           Emil2p 6 :: 2 Emil1p           (00:01),   105

          Emil1p (# 1): won   0:100%= 0: 2: 0,   2:: 12, (00:07)=0.064*55
          Emil2p (# 2): won 100:  0%= 2: 0: 0,  12::  2, (00:30)=0.273*55

          Emil1p (# 1): E     53a(    53f),53.3R = 58^0.979  D 1.00(1.64q)  B 53.2( 3.0q)  H  0%  
          Emil2p (# 2): E    301a(   244f),17.3R = 58^0.703  D 2.00(2.73q)  B  5.8( 2.6q)  H  4%  M 55  


*** New tournament ***
(00:02)           Emil1p 0 :: 6 Emil2p           (00:19),    94
(00:17)           Emil2p 6 :: 0 Emil1p           (00:02),   107

          Emil1p (# 1): won   0:100%= 0: 2: 0,   0:: 12, (00:04)=0.040*50
          Emil2p (# 2): won 100:  0%= 2: 0: 0,  12::  0, (00:36)=0.360*50

          Emil1p (# 1): E     65a(    65f),65.3R = 58^1.029  D 1.00(1.86q)  B 60.5( 2.7q)  H  1%  
          Emil2p (# 2): E    372a(   308f),19.3R = 58^0.729  D 2.00(2.91q)  B  5.9( 2.6q)  H  3%  M 61  


*** New tournament ***
(00:20)           Emil2p 6 :: 1 Emil1p           (00:01),   111
(00:00)           Emil1p 0 :: 6 Emil2p           (00:25),   152

          Emil2p (# 1): won 100:  0%= 2: 0: 0,  12::  1, (00:45)=0.344*65
          Emil1p (# 2): won   0:100%= 0: 2: 0,   1:: 12, (00:01)=0.008*65

          Emil2p (# 1): E    315a(   258f),17.8R = 58^0.709  D 2.00(2.84q)  B  5.5( 2.7q)  H  3%  M 50  
          Emil1p (# 2): E     51a(    51f),50.8R = 58^0.967  D 1.00(1.67q)  B 49.7( 2.8q)  H  1%  


*** New tournament ***
(00:07)              G3a 6 :: 3 Emil1p           (00:04),   123
(00:09)           Emil1p 2 :: 6 G3a              (00:07),   352

             G3a (# 1): won 100:  0%= 2: 0: 0,  12::  5, (00:14)=0.059*118
          Emil1p (# 2): won   0:100%= 0: 2: 0,   5:: 12, (00:13)=0.055*118

             G3a (# 1): E     67a(    67f),67.2R = 58^1.036  D 1.00(1.89q)  B 58.9( 3.5q)  H  1%  
          Emil1p (# 2): E     60a(    60f),59.6R = 58^1.007  D 1.00(2.12q)  B 53.7( 2.5q)  H  1%  


*** New tournament ***
Tournament cancelled

             G3a (# 1): won   0:  0%= 0: 0: 2,   0::  0, (00:00)=-1.#IO*0
             G3a (# 2): won   0:  0%= 0: 0: 2,   0::  0, (00:00)=-1.#IO*0

             G3a (# 1): E     84a(    84f),84.1R = 58^1.092  D 1.00(3.42q)  B 54.4( 2.1q)  H  6%  
             G3a (# 2): E    104a(   104f),104.2R = 58^1.144  D 1.00(3.31q)  B 55.4( 2.3q)  H  6%  


*** New tournament ***
Tournament cancelled

          Emil1p (# 1): won   0:  0%= 0: 0: 2,   0::  0, (00:00)=-1.#IO*0
           G3a2p (# 2): won   0:  0%= 0: 0: 2,   0::  0, (00:00)=-1.#IO*0

          Emil1p (# 1): E     51a(    51f),51.2R = 58^0.969  D 1.00(1.20q)  B 73.7( 7.5q)  H 26%  
           G3a2p (# 2): E    431a(   388f),20.8R = 58^0.747  D 2.00(2.71q)  B 10.7( 3.0q)  H  5%  
